blog/src/UKhousing/brighton.csv
"Name","URI","Region GSS code","Period","Sales volume","Reporting period","Average price All property types","Average price Detached houses","Average price Semi-detached houses","Average price Terraced houses","Average price Flats and maisonettes","Pivotable date"
Brighton,http://landregistry.data.gov.uk/id/region/brighton-and-hove,E06000043,2004-01,625,monthly,181878,323023,203973,181060,160303,2004-01-01
Brighton,http://landregistry.data.gov.uk/id/region/brighton-and-hove,E06000043,2004-02,600,monthly,181052,321130,203146,180621,159373,2004-02-01
Brighton,http://landregistry.data.gov.uk/id/region/brighton-and-hove,E06000043,2004-03,636,monthly,181711,322649,203490,181561,159853,2004-03-01
Brighton,http://landregistry.data.gov.uk/id/region/brighton-and-hove,E06000043,2004-04,715,monthly,185217,324977,206938,185718,163074,2004-04-01
Brighton,http://landregistry.data.gov.uk/id/region/brighton-and-hove,E06000043,2004-05,668,monthly,189162,328375,210898,190217,166700,2004-05-01
Brighton,http://landregistry.data.gov.uk/id/region/brighton-and-hove,E06000043,2004-06,718,monthly,192236,331560,214611,193663,169358,2004-06-01
Brighton,http://landregistry.data.gov.uk/id/region/brighton-and-hove,E06000043,2004-07,797,monthly,194530,336196,217978,196213,171026,2004-07-01
Brighton,http://landregistry.data.gov.uk/id/region/brighton-and-hove,E06000043,2004-08,699,monthly,198264,343897,222406,199948,174163,2004-08-01
Brighton,http://landregistry.data.gov.uk/id/region/brighton-and-hove,E06000043,2004-09,570,monthly,200314,349978,225606,202217,175453,2004-09-01
Brighton,http://landregistry.data.gov.uk/id/region/brighton-and-hove,E06000043,2004-10,513,monthly,202403,353021,227091,203808,177767,2004-10-01
Brighton,http://landregistry.data.gov.uk/id/region/brighton-and-hove,E06000043,2004-11,428,monthly,200678,349662,225156,201822,176390,2004-11-01
Brighton,http://landregistry.data.gov.uk/id/region/brighton-and-hove,E06000043,2004-12,473,monthly,203414,351879,227358,204251,179351,2004-12-01
Brighton,http://landregistry.data.gov.uk/id/region/brighton-and-hove,E06000043,2005-01,344,monthly,201619,348372,224860,202847,177746,2005-01-01
Brighton,http://landregistry.data.gov.uk/id/region/brighton-and-hove,E06000043,2005-02,375,monthly,201304,347655,224983,202892,177179,2005-02-01
Brighton,http://landregistry.data.gov.uk/id/region/brighton-and-hove,E06000043,2005-03,401,monthly,200261,345866,224159,202075,176073,2005-03-01
Brighton,http://landregistry.data.gov.uk/id/region/brighton-and-hove,E06000043,2005-04,501,monthly,200963,345815,225931,203017,176411,2005-04-01
Brighton,http://landregistry.data.gov.uk/id/region/brighton-and-hove,E06000043,2005-05,447,monthly,204368,351117,229372,206444,179564,2005-05-01
Brighton,http://landregistry.data.gov.uk/id/region/brighton-and-hove,E06000043,2005-06,568,monthly,202630,346238,227301,205222,177970,2005-06-01
Brighton,http://landregistry.data.gov.uk/id/region/brighton-and-hove,E06000043,2005-07,576,monthly,204520,350456,229938,207262,179339,2005-07-01
Brighton,http://landregistry.data.gov.uk/id/region/brighton-and-hove,E06000043,2005-08,643,monthly,203385,349499,229030,206620,177901,2005-08-01
Brighton,http://landregistry.data.gov.uk/id/region/brighton-and-hove,E06000043,2005-09,647,monthly,206092,356894,232900,209522,179722,2005-09-01
Brighton,http://landregistry.data.gov.uk/id/region/brighton-and-hove,E06000043,2005-10,582,monthly,205528,356102,231905,208929,179322,2005-10-01
Brighton,http://landregistry.data.gov.uk/id/region/brighton-and-hove,E06000043,2005-11,624,monthly,204664,354489,231452,207945,178489,2005-11-01
Brighton,http://landregistry.data.gov.uk/id/region/brighton-and-hove,E06000043,2005-12,654,monthly,203050,349406,228925,206133,177561,2005-12-01
Brighton,http://landregistry.data.gov.uk/id/region/brighton-and-hove,E06000043,2006-01,500,monthly,204373,351228,230207,208094,178509,2006-01-01
Brighton,http://landregistry.data.gov.uk/id/region/brighton-and-hove,E06000043,2006-02,449,monthly,206268,352673,231805,210358,180288,2006-02-01
Brighton,http://landregistry.data.gov.uk/id/region/brighton-and-hove,E06000043,2006-03,630,monthly,207804,357284,234564,212494,180898,2006-03-01
Brighton,http://landregistry.data.gov.uk/id/region/brighton-and-hove,E06000043,2006-04,525,monthly,208109,356473,235023,212767,181268,2006-04-01
Brighton,http://landregistry.data.gov.uk/id/region/brighton-and-hove,E06000043,2006-05,639,monthly,211371,362265,238833,215951,184123,2006-05-01
Brighton,http://landregistry.data.gov.uk/id/region/brighton-and-hove,E06000043,2006-06,660,monthly,215072,366988,242697,219722,187575,2006-06-01
Brighton,http://landregistry.data.gov.uk/id/region/brighton-and-hove,E06000043,2006-07,721,monthly,220919,377623,249424,226309,192320,2006-07-01
Brighton,http://landregistry.data.gov.uk/id/region/brighton-and-hove,E06000043,2006-08,833,monthly,220880,377594,249157,226885,192074,2006-08-01
Brighton,http://landregistry.data.gov.uk/id/region/brighton-and-hove,E06000043,2006-09,800,monthly,222458,381414,250768,228610,193345,2006-09-01
Brighton,http://landregistry.data.gov.uk/id/region/brighton-and-hove,E06000043,2006-10,663,monthly,223562,383781,251856,229279,194502,2006-10-01
Brighton,http://landregistry.data.gov.uk/id/region/brighton-and-hove,E06000043,2006-11,659,monthly,225652,388074,254702,231274,196198,2006-11-01
Brighton,http://landregistry.data.gov.uk/id/region/brighton-and-hove,E06000043,2006-12,744,monthly,228050,391111,257435,234042,198239,2006-12-01
Brighton,http://landregistry.data.gov.uk/id/region/brighton-and-hove,E06000043,2007-01,578,monthly,229471,394163,259489,235693,199225,2007-01-01
Brighton,http://landregistry.data.gov.uk/id/region/brighton-and-hove,E06000043,2007-02,574,monthly,233140,400240,263228,238939,202730,2007-02-01
Brighton,http://landregistry.data.gov.uk/id/region/brighton-and-hove,E06000043,2007-03,611,monthly,235558,405756,266180,241591,204586,2007-03-01
Brighton,http://landregistry.data.gov.uk/id/region/brighton-and-hove,E06000043,2007-04,493,monthly,239743,411230,270216,246471,208301,2007-04-01
Brighton,http://landregistry.data.gov.uk/id/region/brighton-and-hove,E06000043,2007-05,667,monthly,242144,413348,272420,249419,210483,2007-05-01
Brighton,http://landregistry.data.gov.uk/id/region/brighton-and-hove,E06000043,2007-06,734,monthly,245268,418225,275818,252822,213192,2007-06-01
Brighton,http://landregistry.data.gov.uk/id/region/brighton-and-hove,E06000043,2007-07,689,monthly,248912,425606,280157,256551,216214,2007-07-01
Brighton,http://landregistry.data.gov.uk/id/region/brighton-and-hove,E06000043,2007-08,807,monthly,254207,436817,286504,262803,220224,2007-08-01
Brighton,http://landregistry.data.gov.uk/id/region/brighton-and-hove,E06000043,2007-09,610,monthly,257108,443320,290089,265652,222596,2007-09-01
Brighton,http://landregistry.data.gov.uk/id/region/brighton-and-hove,E06000043,2007-10,575,monthly,256955,443971,289107,264787,222871,2007-10-01
Brighton,http://landregistry.data.gov.uk/id/region/brighton-and-hove,E06000043,2007-11,554,monthly,254449,441452,286782,261478,220718,2007-11-01
Brighton,http://landregistry.data.gov.uk/id/region/brighton-and-hove,E06000043,2007-12,422,monthly,250969,434402,282329,257675,218003,2007-12-01
Brighton,http://landregistry.data.gov.uk/id/region/brighton-and-hove,E06000043,2008-01,306,monthly,248967,432813,280754,255469,216005,2008-01-01
Brighton,http://landregistry.data.gov.uk/id/region/brighton-and-hove,E06000043,2008-02,340,monthly,249083,433505,281174,255601,215993,2008-02-01
Brighton,http://landregistry.data.gov.uk/id/region/brighton-and-hove,E06000043,2008-03,294,monthly,251644,439721,284548,258262,217943,2008-03-01
Brighton,http://landregistry.data.gov.uk/id/region/brighton-and-hove,E06000043,2008-04,311,monthly,247497,433653,280367,254905,213763,2008-04-01
Brighton,http://landregistry.data.gov.uk/id/region/brighton-and-hove,E06000043,2008-05,341,monthly,247281,432231,280195,255365,213376,2008-05-01
Brighton,http://landregistry.data.gov.uk/id/region/brighton-and-hove,E06000043,2008-06,293,monthly,242560,422924,274784,250828,209275,2008-06-01
Brighton,http://landregistry.data.gov.uk/id/region/brighton-and-hove,E06000043,2008-07,310,monthly,240489,417919,272499,248366,207721,2008-07-01
Brighton,http://landregistry.data.gov.uk/id/region/brighton-and-hove,E06000043,2008-08,296,monthly,233253,405612,263765,240514,201732,2008-08-01
Brighton,http://landregistry.data.gov.uk/id/region/brighton-and-hove,E06000043,2008-09,231,monthly,229045,401049,258511,235702,198163,2008-09-01
Brighton,http://landregistry.data.gov.uk/id/region/brighton-and-hove,E06000043,2008-10,238,monthly,227597,397193,255363,233334,197760,2008-10-01
Brighton,http://landregistry.data.gov.uk/id/region/brighton-and-hove,E06000043,2008-11,196,monthly,222245,388016,249188,227242,193384,2008-11-01
Brighton,http://landregistry.data.gov.uk/id/region/brighton-and-hove,E06000043,2008-12,214,monthly,214293,372850,240739,219421,186337,2008-12-01
Brighton,http://landregistry.data.gov.uk/id/region/brighton-and-hove,E06000043,2009-01,165,monthly,207961,364195,234329,212827,180492,2009-01-01
Brighton,http://landregistry.data.gov.uk/id/region/brighton-and-hove,E06000043,2009-02,162,monthly,204486,357888,230530,209159,177527,2009-02-01
Brighton,http://landregistry.data.gov.uk/id/region/brighton-and-hove,E06000043,2009-03,200,monthly,202564,353852,227843,206636,176276,2009-03-01
Brighton,http://landregistry.data.gov.uk/id/region/brighton-and-hove,E06000043,2009-04,240,monthly,202054,349198,226572,206359,176345,2009-04-01
Brighton,http://landregistry.data.gov.uk/id/region/brighton-and-hove,E06000043,2009-05,263,monthly,202762,348548,226786,207801,177021,2009-05-01
Brighton,http://landregistry.data.gov.uk/id/region/brighton-and-hove,E06000043,2009-06,353,monthly,206432,354514,231079,212452,179798,2009-06-01
Brighton,http://landregistry.data.gov.uk/id/region/brighton-and-hove,E06000043,2009-07,431,monthly,210932,364338,237533,218322,182485,2009-07-01
Brighton,http://landregistry.data.gov.uk/id/region/brighton-and-hove,E06000043,2009-08,405,monthly,214654,373862,242855,222994,184655,2009-08-01
Brighton,http://landregistry.data.gov.uk/id/region/brighton-and-hove,E06000043,2009-09,376,monthly,219909,383999,249244,228717,188816,2009-09-01
Brighton,http://landregistry.data.gov.uk/id/region/brighton-and-hove,E06000043,2009-10,432,monthly,225158,394672,255822,234285,192923,2009-10-01
Brighton,http://landregistry.data.gov.uk/id/region/brighton-and-hove,E06000043,2009-11,441,monthly,227407,399600,258583,237172,194445,2009-11-01
Brighton,http://landregistry.data.gov.uk/id/region/brighton-and-hove,E06000043,2009-12,484,monthly,227898,399996,259946,238301,194396,2009-12-01
Brighton,http://landregistry.data.gov.uk/id/region/brighton-and-hove,E06000043,2010-01,252,monthly,228483,402945,261197,239847,194113,2010-01-01
Brighton,http://landregistry.data.gov.uk/id/region/brighton-and-hove,E06000043,2010-02,270,monthly,233913,413839,268703,246029,198010,2010-02-01
Brighton,http://landregistry.data.gov.uk/id/region/brighton-and-hove,E06000043,2010-03,325,monthly,235623,419082,270008,247442,199583,2010-03-01
Brighton,http://landregistry.data.gov.uk/id/region/brighton-and-hove,E06000043,2010-04,291,monthly,236159,418020,270039,247531,200631,2010-04-01
Brighton,http://landregistry.data.gov.uk/id/region/brighton-and-hove,E06000043,2010-05,339,monthly,237365,419851,270715,248419,202045,2010-05-01
Brighton,http://landregistry.data.gov.uk/id/region/brighton-and-hove,E06000043,2010-06,389,monthly,243553,429920,278155,255579,206988,2010-06-01
Brighton,http://landregistry.data.gov.uk/id/region/brighton-and-hove,E06000043,2010-07,457,monthly,247648,439387,283070,260799,209734,2010-07-01
Brighton,http://landregistry.data.gov.uk/id/region/brighton-and-hove,E06000043,2010-08,445,monthly,249877,443219,286059,263493,211360,2010-08-01
Brighton,http://landregistry.data.gov.uk/id/region/brighton-and-hove,E06000043,2010-09,404,monthly,250019,446139,286628,263823,211000,2010-09-01
Brighton,http://landregistry.data.gov.uk/id/region/brighton-and-hove,E06000043,2010-10,350,monthly,247576,442096,284160,260852,208999,2010-10-01
Brighton,http://landregistry.data.gov.uk/id/region/brighton-and-hove,E06000043,2010-11,365,monthly,245041,439124,281074,257609,207002,2010-11-01
Brighton,http://landregistry.data.gov.uk/id/region/brighton-and-hove,E06000043,2010-12,370,monthly,240932,431625,276869,253187,203460,2010-12-01
Brighton,http://landregistry.data.gov.uk/id/region/brighton-and-hove,E06000043,2011-01,278,monthly,237256,426758,272810,249341,200122,2011-01-01
Brighton,http://landregistry.data.gov.uk/id/region/brighton-and-hove,E06000043,2011-02,275,monthly,234547,423408,269704,246644,197600,2011-02-01
Brighton,http://landregistry.data.gov.uk/id/region/brighton-and-hove,E06000043,2011-03,288,monthly,234243,425638,269082,246091,197224,2011-03-01
Brighton,http://landregistry.data.gov.uk/id/region/brighton-and-hove,E06000043,2011-04,289,monthly,238670,433039,274006,250615,201131,2011-04-01
Brighton,http://landregistry.data.gov.uk/id/region/brighton-and-hove,E06000043,2011-05,306,monthly,240957,433257,275783,252716,203907,2011-05-01
Brighton,http://landregistry.data.gov.uk/id/region/brighton-and-hove,E06000043,2011-06,358,monthly,244292,434479,279482,256513,207171,2011-06-01
Brighton,http://landregistry.data.gov.uk/id/region/brighton-and-hove,E06000043,2011-07,398,monthly,245827,434834,280618,258198,208902,2011-07-01
Brighton,http://landregistry.data.gov.uk/id/region/brighton-and-hove,E06000043,2011-08,455,monthly,248159,442195,285163,261845,209395,2011-08-01
Brighton,http://landregistry.data.gov.uk/id/region/brighton-and-hove,E06000043,2011-09,441,monthly,247053,443286,284352,261158,207758,2011-09-01
Brighton,http://landregistry.data.gov.uk/id/region/brighton-and-hove,E06000043,2011-10,379,monthly,242776,438861,281031,256819,203219,2011-10-01
Brighton,http://landregistry.data.gov.uk/id/region/brighton-and-hove,E06000043,2011-11,357,monthly,242712,438154,280206,255909,203837,2011-11-01
Brighton,http://landregistry.data.gov.uk/id/region/brighton-and-hove,E06000043,2011-12,397,monthly,244990,440047,282535,257614,206404,2011-12-01
Brighton,http://landregistry.data.gov.uk/id/region/brighton-and-hove,E06000043,2012-01,322,monthly,242878,434946,280379,256061,204389,2012-01-01
Brighton,http://landregistry.data.gov.uk/id/region/brighton-and-hove,E06000043,2012-02,281,monthly,239973,431167,277908,254030,201062,2012-02-01
Brighton,http://landregistry.data.gov.uk/id/region/brighton-and-hove,E06000043,2012-03,387,monthly,236816,425559,275034,251586,197758,2012-03-01
Brighton,http://landregistry.data.gov.uk/id/region/brighton-and-hove,E06000043,2012-04,222,monthly,245333,440427,284030,260267,205336,2012-04-01
Brighton,http://landregistry.data.gov.uk/id/region/brighton-and-hove,E06000043,2012-05,345,monthly,247099,440669,284946,261764,207623,2012-05-01
Brighton,http://landregistry.data.gov.uk/id/region/brighton-and-hove,E06000043,2012-06,332,monthly,252104,448579,289916,267952,211807,2012-06-01
Brighton,http://landregistry.data.gov.uk/id/region/brighton-and-hove,E06000043,2012-07,364,monthly,252239,448314,290159,268864,211627,2012-07-01
Brighton,http://landregistry.data.gov.uk/id/region/brighton-and-hove,E06000043,2012-08,450,monthly,256797,456452,295740,274831,214880,2012-08-01
Brighton,http://landregistry.data.gov.uk/id/region/brighton-and-hove,E06000043,2012-09,377,monthly,258658,462157,298434,276923,215970,2012-09-01
Brighton,http://landregistry.data.gov.uk/id/region/brighton-and-hove,E06000043,2012-10,427,monthly,256781,458822,296471,274875,214358,2012-10-01
Brighton,http://landregistry.data.gov.uk/id/region/brighton-and-hove,E06000043,2012-11,377,monthly,254980,456587,294692,272794,212722,2012-11-01
Brighton,http://landregistry.data.gov.uk/id/region/brighton-and-hove,E06000043,2012-12,340,monthly,251223,449981,290682,268557,209568,2012-12-01
Brighton,http://landregistry.data.gov.uk/id/region/brighton-and-hove,E06000043,2013-01,303,monthly,250802,451257,291387,268316,208564,2013-01-01
Brighton,http://landregistry.data.gov.uk/id/region/brighton-and-hove,E06000043,2013-02,287,monthly,251267,453140,292257,268868,208686,2013-02-01
Brighton,http://landregistry.data.gov.uk/id/region/brighton-and-hove,E06000043,2013-03,268,monthly,252389,454936,292835,269368,210063,2013-03-01
Brighton,http://landregistry.data.gov.uk/id/region/brighton-and-hove,E06000043,2013-04,322,monthly,253553,454176,292188,270643,211829,2013-04-01
Brighton,http://landregistry.data.gov.uk/id/region/brighton-and-hove,E06000043,2013-05,341,monthly,254262,453620,292379,271218,212841,2013-05-01
Brighton,http://landregistry.data.gov.uk/id/region/brighton-and-hove,E06000043,2013-06,365,monthly,257556,458229,296731,275799,215171,2013-06-01
Brighton,http://landregistry.data.gov.uk/id/region/brighton-and-hove,E06000043,2013-07,439,monthly,259798,462042,299603,278586,216837,2013-07-01
Brighton,http://landregistry.data.gov.uk/id/region/brighton-and-hove,E06000043,2013-08,530,monthly,264347,470033,305108,284087,220334,2013-08-01
Brighton,http://landregistry.data.gov.uk/id/region/brighton-and-hove,E06000043,2013-09,420,monthly,267405,478530,308786,286952,222693,2013-09-01
Brighton,http://landregistry.data.gov.uk/id/region/brighton-and-hove,E06000043,2013-10,481,monthly,267865,481284,309867,286903,222945,2013-10-01
Brighton,http://landregistry.data.gov.uk/id/region/brighton-and-hove,E06000043,2013-11,481,monthly,267980,482437,310088,286495,223125,2013-11-01
Brighton,http://landregistry.data.gov.uk/id/region/brighton-and-hove,E06000043,2013-12,506,monthly,267382,478822,309816,285884,222768,2013-12-01
Brighton,http://landregistry.data.gov.uk/id/region/brighton-and-hove,E06000043,2014-01,435,monthly,269647,484486,313277,288389,224245,2014-01-01
Brighton,http://landregistry.data.gov.uk/id/region/brighton-and-hove,E06000043,2014-02,417,monthly,269097,486350,313897,287892,223180,2014-02-01
