blog/src/UKhousing/brighton.csv
"Name","URI","Region GSS code","Period","Sales volume","Reporting period","Average price All property types","Average price Detached houses","Average price Semi-detached houses","Average price Terraced houses","Average price Flats and maisonettes","Pivotable date"
Brighton,http://landregistry.data.gov.uk/id/region/brighton-and-hove,E06000043,2014-03,382,monthly,270883,490367,315861,289711,224593,2014-03-01
Brighton,http://landregistry.data.gov.uk/id/region/brighton-and-hove,E06000043,2014-04,441,monthly,272036,491621,317137,291435,225467,2014-04-01
Brighton,http://landregistry.data.gov.uk/id/region/brighton-and-hove,E06000043,2014-05,469,monthly,276054,496183,321257,296268,228962,2014-05-01
Brighton,http://landregistry.data.gov.uk/id/region/brighton-and-hove,E06000043,2014-06,438,monthly,279053,500865,324637,299677,231469,2014-06-01
Brighton,http://landregistry.data.gov.uk/id/region/brighton-and-hove,E06000043,2014-07,523,monthly,284461,510155,331141,305789,235846,2014-07-01
Brighton,http://landregistry.data.gov.uk/id/region/brighton-and-hove,E06000043,2014-08,550,monthly,290155,521792,338491,312101,240236,2014-08-01
Brighton,http://landregistry.data.gov.uk/id/region/brighton-and-hove,E06000043,2014-09,521,monthly,294204,531813,344422,316986,242935,2014-09-01
Brighton,http://landregistry.data.gov.uk/id/region/brighton-and-hove,E06000043,2014-10,545,monthly,296264,536903,347423,318735,244561,2014-10-01
Brighton,http://landregistry.data.gov.uk/id/region/brighton-and-hove,E06000043,2014-11,448,monthly,297112,539536,348523,319226,245288,2014-11-01
Brighton,http://landregistry.data.gov.uk/id/region/brighton-and-hove,E06000043,2014-12,456,monthly,293748,533136,344146,315008,242824,2014-12-01
Brighton,http://landregistry.data.gov.uk/id/region/brighton-and-hove,E06000043,2015-01,372,monthly,295976,536216,346581,317329,244806,2015-01-01
Brighton,http://landregistry.data.gov.uk/id/region/brighton-and-hove,E06000043,2015-02,434,monthly,293207,530241,342827,314138,242776,2015-02-01
Brighton,http://landregistry.data.gov.uk/id/region/brighton-and-hove,E06000043,2015-03,395,monthly,296738,535513,346324,317194,246182,2015-03-01
Brighton,http://landregistry.data.gov.uk/id/region/brighton-and-hove,E06000043,2015-04,360,monthly,299046,541617,349424,320138,247681,2015-04-01
Brighton,http://landregistry.data.gov.uk/id/region/brighton-and-hove,E06000043,2015-05,422,monthly,304334,550260,355892,325441,252211,2015-05-01
Brighton,http://landregistry.data.gov.uk/id/region/brighton-and-hove,E06000043,2015-06,449,monthly,309900,561795,363833,332879,255888,2015-06-01
Brighton,http://landregistry.data.gov.uk/id/region/brighton-and-hove,E06000043,2015-07,532,monthly,310795,561391,364834,333649,256879,2015-07-01
Brighton,http://landregistry.data.gov.uk/id/region/brighton-and-hove,E06000043,2015-08,497,monthly,315488,571318,370763,339684,260199,2015-08-01
Brighton,http://landregistry.data.gov.uk/id/region/brighton-and-hove,E06000043,2015-09,513,monthly,319655,582334,375666,343554,263549,2015-09-01
Brighton,http://landregistry.data.gov.uk/id/region/brighton-and-hove,E06000043,2015-10,553,monthly,325289,596185,383173,349683,267664,2015-10-01
Brighton,http://landregistry.data.gov.uk/id/region/brighton-and-hove,E06000043,2015-11,433,monthly,326671,600373,385433,350876,268633,2015-11-01
Brighton,http://landregistry.data.gov.uk/id/region/brighton-and-hove,E06000043,2015-12,419,monthly,326006,598320,385332,350262,267988,2015-12-01
Brighton,http://landregistry.data.gov.uk/id/region/brighton-and-hove,E06000043,2016-01,381,monthly,325474,595872,385449,349499,267598,2016-01-01
Brighton,http://landregistry.data.gov.uk/id/region/brighton-and-hove,E06000043,2016-02,392,monthly,329348,603851,390450,353531,270670,2016-02-01
Brighton,http://landregistry.data.gov.uk/id/region/brighton-and-hove,E06000043,2016-03,875,monthly,332644,609745,393301,356474,273808,2016-03-01
Brighton,http://landregistry.data.gov.uk/id/region/brighton-and-hove,E06000043,2016-04,245,monthly,330458,604540,389665,354190,272297,2016-04-01
Brighton,http://landregistry.data.gov.uk/id/region/brighton-and-hove,E06000043,2016-05,289,monthly,330868,599775,388609,354496,273468,2016-05-01
Brighton,http://landregistry.data.gov.uk/id/region/brighton-and-hove,E06000043,2016-06,356,monthly,333672,603387,392172,357778,275762,2016-06-01
Brighton,http://landregistry.data.gov.uk/id/region/brighton-and-hove,E06000043,2016-07,438,monthly,345301,623532,405225,370345,285538,2016-07-01
Brighton,http://landregistry.data.gov.uk/id/region/brighton-and-hove,E06000043,2016-08,428,monthly,347816,629975,408151,372846,287523,2016-08-01
Brighton,http://landregistry.data.gov.uk/id/region/brighton-and-hove,E06000043,2016-09,383,monthly,348828,630951,409304,373534,288580,2016-09-01
Brighton,http://landregistry.data.gov.uk/id/region/brighton-and-hove,E06000043,2016-10,388,monthly,344452,625117,404486,367228,285283,2016-10-01
Brighton,http://landregistry.data.gov.uk/id/region/brighton-and-hove,E06000043,2016-11,348,monthly,343219,624909,402730,364482,284653,2016-11-01
Brighton,http://landregistry.data.gov.uk/id/region/brighton-and-hove,E06000043,2016-12,372,monthly,341842,622722,400198,362242,283940,2016-12-01
Brighton,http://landregistry.data.gov.uk/id/region/brighton-and-hove,E06000043,2017-01,313,monthly,346259,630073,404404,367264,287742,2017-01-01
Brighton,http://landregistry.data.gov.uk/id/region/brighton-and-hove,E06000043,2017-02,325,monthly,347189,630192,404671,367929,288944,2017-02-01
Brighton,http://landregistry.data.gov.uk/id/region/brighton-and-hove,E06000043,2017-03,354,monthly,349203,633237,406567,369504,290973,2017-03-01
Brighton,http://landregistry.data.gov.uk/id/region/brighton-and-hove,E06000043,2017-04,342,monthly,347209,628869,403467,366719,289782,2017-04-01
Brighton,http://landregistry.data.gov.uk/id/region/brighton-and-hove,E06000043,2017-05,335,monthly,350750,633102,407756,369822,293118,2017-05-01
Brighton,http://landregistry.data.gov.uk/id/region/brighton-and-hove,E06000043,2017-06,372,monthly,353219,634236,410163,372868,295404,2017-06-01
Brighton,http://landregistry.data.gov.uk/id/region/brighton-and-hove,E06000043,2017-07,387,monthly,360682,646059,419474,380590,301697,2017-07-01
Brighton,http://landregistry.data.gov.uk/id/region/brighton-and-hove,E06000043,2017-08,475,monthly,364759,654223,424601,386510,304364,2017-08-01
Brighton,http://landregistry.data.gov.uk/id/region/brighton-and-hove,E06000043,2017-09,436,monthly,366647,661518,427900,388731,305295,2017-09-01
Brighton,http://landregistry.data.gov.uk/id/region/brighton-and-hove,E06000043,2017-10,365,monthly,360239,652708,421307,382450,299356,2017-10-01
Brighton,http://landregistry.data.gov.uk/id/region/brighton-and-hove,E06000043,2017-11,350,monthly,358150,650129,419674,379457,297626,2017-11-01
Brighton,http://landregistry.data.gov.uk/id/region/brighton-and-hove,E06000043,2017-12,376,monthly,353161,641519,415173,374384,293085,2017-12-01
Brighton,http://landregistry.data.gov.uk/id/region/brighton-and-hove,E06000043,2018-01,263,monthly,355745,644822,418286,377095,295341,2018-01-01
Brighton,http://landregistry.data.gov.uk/id/region/brighton-and-hove,E06000043,2018-02,287,monthly,354221,644248,417844,376828,293071,2018-02-01
Brighton,http://landregistry.data.gov.uk/id/region/brighton-and-hove,E06000043,2018-03,295,monthly,357054,648605,421286,380549,295179,2018-03-01
Brighton,http://landregistry.data.gov.uk/id/region/brighton-and-hove,E06000043,2018-04,264,monthly,352698,642788,418056,377551,290335,2018-04-01
Brighton,http://landregistry.data.gov.uk/id/region/brighton-and-hove,E06000043,2018-05,277,monthly,358783,653270,425650,384377,295201,2018-05-01
Brighton,http://landregistry.data.gov.uk/id/region/brighton-and-hove,E06000043,2018-06,366,monthly,363723,664331,432879,389480,298825,2018-06-01
Brighton,http://landregistry.data.gov.uk/id/region/brighton-and-hove,E06000043,2018-07,395,monthly,369374,676357,439220,395347,303457,2018-07-01
Brighton,http://landregistry.data.gov.uk/id/region/brighton-and-hove,E06000043,2018-08,414,monthly,364806,669460,434005,390819,299380,2018-08-01
Brighton,http://landregistry.data.gov.uk/id/region/brighton-and-hove,E06000043,2018-09,319,monthly,360464,660899,427483,386469,296068,2018-09-01
Brighton,http://landregistry.data.gov.uk/id/region/brighton-and-hove,E06000043,2018-10,343,monthly,356320,653247,422885,381453,292809,2018-10-01
Brighton,http://landregistry.data.gov.uk/id/region/brighton-and-hove,E06000043,2018-11,373,monthly,360542,663412,428204,385644,296097,2018-11-01
Brighton,http://landregistry.data.gov.uk/id/region/brighton-and-hove,E06000043,2018-12,307,monthly,365564,674984,436497,390470,299673,2018-12-01
Brighton,http://landregistry.data.gov.uk/id/region/brighton-and-hove,E06000043,2019-01,249,monthly,368748,681476,440268,393716,302287,2019-01-01
Brighton,http://landregistry.data.gov.uk/id/region/brighton-and-hove,E06000043,2019-02,259,monthly,361212,668029,432064,385654,295920,2019-02-01
Brighton,http://landregistry.data.gov.uk/id/region/brighton-and-hove,E06000043,2019-03,301,monthly,354520,655256,423975,379650,290083,2019-03-01
Brighton,http://landregistry.data.gov.uk/id/region/brighton-and-hove,E06000043,2019-04,289,monthly,355471,655632,425180,381940,290501,2019-04-01
Brighton,http://landregistry.data.gov.uk/id/region/brighton-and-hove,E06000043,2019-05,293,monthly,358564,658211,428529,386254,292998,2019-05-01
Brighton,http://landregistry.data.gov.uk/id/region/brighton-and-hove,E06000043,2019-06,271,monthly,364325,667430,435234,392340,297896,2019-06-01
Brighton,http://landregistry.data.gov.uk/id/region/brighton-and-hove,E06000043,2019-07,337,monthly,363731,665609,434670,391833,297391,2019-07-01
Brighton,http://landregistry.data.gov.uk/id/region/brighton-and-hove,E06000043,2019-08,394,monthly,364476,668099,436140,393568,297458,2019-08-01
Brighton,http://landregistry.data.gov.uk/id/region/brighton-and-hove,E06000043,2019-09,335,monthly,362961,666288,433796,392973,295886,2019-09-01
Brighton,http://landregistry.data.gov.uk/id/region/brighton-and-hove,E06000043,2019-10,313,monthly,361863,667135,434721,391770,294301,2019-10-01
Brighton,http://landregistry.data.gov.uk/id/region/brighton-and-hove,E06000043,2019-11,410,monthly,363674,670805,437053,392416,296179,2019-11-01
Brighton,http://landregistry.data.gov.uk/id/region/brighton-and-hove,E06000043,2019-12,340,monthly,361242,667752,434978,388845,294241,2019-12-01
Brighton,http://landregistry.data.gov.uk/id/region/brighton-and-hove,E06000043,2020-01,281,monthly,364109,673088,438544,392855,296226,2020-01-01
Brighton,http://landregistry.data.gov.uk/id/region/brighton-and-hove,E06000043,2020-02,269,monthly,360279,669862,435684,390482,291701,2020-02-01
Brighton,http://landregistry.data.gov.uk/id/region/brighton-and-hove,E06000043,2020-03,311,monthly,362205,675115,439603,393988,292251,2020-03-01
Brighton,http://landregistry.data.gov.uk/id/region/brighton-and-hove,E06000043,2020-04,109,monthly,360182,675602,437334,392569,289788,2020-04-01
Brighton,http://landregistry.data.gov.uk/id/region/brighton-and-hove,E06000043,2020-05,134,monthly,363485,681797,440841,394941,293096,2020-05-01
Brighton,http://landregistry.data.gov.uk/id/region/brighton-and-hove,E06000043,2020-06,188,monthly,363593,680332,440454,395290,293399,2020-06-01
Brighton,http://landregistry.data.gov.uk/id/region/brighton-and-hove,E06000043,2020-07,256,monthly,368203,683942,445418,400205,297853,2020-07-01
Brighton,http://landregistry.data.gov.uk/id/region/brighton-and-hove,E06000043,2020-08,275,monthly,371156,689116,450182,405554,299069,2020-08-01
Brighton,http://landregistry.data.gov.uk/id/region/brighton-and-hove,E06000043,2020-09,359,monthly,372472,693916,452650,407935,299257,2020-09-01
Brighton,http://landregistry.data.gov.uk/id/region/brighton-and-hove,E06000043,2020-10,404,monthly,374716,700835,455733,411082,300386,2020-10-01
Brighton,http://landregistry.data.gov.uk/id/region/brighton-and-hove,E06000043,2020-11,380,monthly,378374,708068,459057,414760,303705,2020-11-01
Brighton,http://landregistry.data.gov.uk/id/region/brighton-and-hove,E06000043,2020-12,443,monthly,384827,721122,467100,422403,308491,2020-12-01
Brighton,http://landregistry.data.gov.uk/id/region/brighton-and-hove,E06000043,2021-01,339,monthly,387810,727878,471915,426040,310302,2021-01-01
Brighton,http://landregistry.data.gov.uk/id/region/brighton-and-hove,E06000043,2021-02,448,monthly,389342,734573,476387,429081,309936,2021-02-01
Brighton,http://landregistry.data.gov.uk/id/region/brighton-and-hove,E06000043,2021-03,713,monthly,392221,741872,481712,433133,311240,2021-03-01
Brighton,http://landregistry.data.gov.uk/id/region/brighton-and-hove,E06000043,2021-04,379,monthly,393382,747170,484214,434840,311413,2021-04-01
Brighton,http://landregistry.data.gov.uk/id/region/brighton-and-hove,E06000043,2021-05,331,monthly,390054,742119,480600,431021,308584,2021-05-01
Brighton,http://landregistry.data.gov.uk/id/region/brighton-and-hove,E06000043,2021-06,952,monthly,397085,758259,490483,440200,313034,2021-06-01
Brighton,http://landregistry.data.gov.uk/id/region/brighton-and-hove,E06000043,2021-07,106,monthly,385695,732571,473588,425067,306182,2021-07-01
Brighton,http://landregistry.data.gov.uk/id/region/brighton-and-hove,E06000043,2021-08,129,monthly,389393,741098,478928,428738,308920,2021-08-01
Brighton,http://landregistry.data.gov.uk/id/region/brighton-and-hove,E06000043,2021-09,219,monthly,391378,745940,481217,429303,311043,2021-09-01
Brighton,http://landregistry.data.gov.uk/id/region/brighton-and-hove,E06000043,2021-10,,monthly,404487,778931,499992,445019,319442,2021-10-01
Brighton,http://landregistry.data.gov.uk/id/region/brighton-and-hove,E06000043,2021-11,,monthly,407783,787297,505373,448325,321640,2021-11-01
